     1  0000:                   ORG     0000H
     2  0000: 02 01 00          LJMP    MAIN
     3                  
     4  0100:                   ORG     0100H
     5                  
     6        0030      FIRST_DIGIT     EQU     30H
     7        0031      SECOND_DIGIT    EQU     31H
     8        0032      DIFF            EQU     32H
     9                  
    10  0100:           MAIN:
    11  0100: 12 81 0C          LCALL   LCD_CLR
    12                  
    13                          ; read first digit
    14  0103: 12 81 1C          LCALL   WAIT_KEY
    15  0106: F5 30             MOV     FIRST_DIGIT, A
    16  0108: 12 81 02          LCALL   WRITE_DATA
    17                  
    18                          ; print '-'
    19  010B: 74 2D             MOV     A, #'-'
    20  010D: 12 81 02          LCALL   WRITE_DATA
    21                  
    22                          ; read second digit
    23  0110: 12 81 1C          LCALL   WAIT_KEY
    24  0113: F5 31             MOV     SECOND_DIGIT, A
    25  0115: 12 81 02          LCALL   WRITE_DATA
    26                  
    27                          ; ASCII -> number (first)
    28  0118: E5 30             MOV     A, FIRST_DIGIT
    29  011A: C3                CLR     C
    30  011B: 94 30             SUBB    A, #'0'
    31  011D: F8                MOV     R0, A
    32                  
    33                          ; ASCII -> number (second)
    34  011E: E5 31             MOV     A, SECOND_DIGIT
    35  0120: C3                CLR     C
    36  0121: 94 30             SUBB    A, #'0'
    37  0123: F9                MOV     R1, A
    38                  
    39                          ; subtraction: R0 - R1
    40  0124: E8                MOV     A, R0
    41  0125: C3                CLR     C
    42  0126: 99                SUBB    A, R1
    43  0127: F5 32             MOV     DIFF, A
    44                  
    45                          ; '=' işareti
    46  0129: 74 3D             MOV     A, #'='
    47  012B: 12 81 02          LCALL   WRITE_DATA
    48                  
    49                          ; checking
    50  012E: 50 0F             JNC POSITIVE_RESULT
    51  0130:           NEGATIVE_RESULT:
    52                          ; '-' yaz ve mutlak değeri (R1 - R0) göster
    53  0130: 74 2D             MOV     A, #'-'
    54  0132: 12 81 02          LCALL   WRITE_DATA
    55                  
    56  0135: E9                MOV     A, R1
    57  0136: C3                CLR     C
    58  0137: 98                SUBB    A, R0            ; |R0-R1| = R1-R0
    59  0138: 24 30             ADD     A, #'0'          ; ASCII'ye çevir
    60  013A: 12 81 02          LCALL   WRITE_DATA
    61  013D: 80 07             SJMP    DONE
    62                  
    63  013F:           POSITIVE_RESULT:
    64  013F: E5 32             MOV     A, DIFF          ; R0-R1 (0..9 bekleniyor)
    65  0141: 24 30             ADD     A, #'0'          ; ASCII'ye çevir
    66  0143: 12 81 02          LCALL   WRITE_DATA
    67  0146:           DONE:
    68  0146: 80 FE             SJMP    $     
